<?xml version="1.0" encoding="UTF-8"?><mappingRoot xmlns="http://www.ibm.com/2008/ccl/Mapping" domainID="com.ibm.msl.mapping.xml" domainIDExtension="mb" mainMap="true" targetNamespace="default" version="8.0.5.0" xmlns:map="default">
    <input path="jar:file://!com/ibm/etools/mft/map/xsds/predefined/JsonDomainMsg.xsd" var="var"/>
    <output path="jar:file://!com/ibm/etools/mft/map/xsds/predefined/JsonDomainMsg.xsd" var="var1"/>
    <namespaces>
        <namespace kind="supplement" prefix="io" uri="http://www.ibm.com/iib/msl/json"/>
    </namespaces>
    <generation engine="xquery"/>
    <mappingDeclaration name="ZOSRest01_Mapping">
        <input namespace="http://www.ibm.com/iib/msl/json" path="$var/mb:msg(JSON,assembly,JSON,Properties)" var="MessageAssembly">
            <cast castType="userDefined" path="$MessageAssembly/JSON/Data/type('anyType')" qualifier="{http://www.ibm.com/iib/msl/json}JSONObject" ref="var"/>
        </input>
        <output namespace="http://www.ibm.com/iib/msl/json" path="$var1/mb:msg(JSON,assembly,JSON,LocalEnvironment,Properties)" var="MessageAssembly1">
            <cast castType="userDefined" path="$MessageAssembly1/JSON/Data/type('anyType')" qualifier="{http://www.ibm.com/iib/msl/json}JSONObject" ref="var1"/>
        </output>
        <move>
            <input path="$MessageAssembly/Properties"/>
            <output path="$MessageAssembly1/Properties"/>
        </move>
        <expression>
            <output path="$MessageAssembly1/LocalEnvironment/Destination/HTTP/RequestURL"/>
            <code lang="xpath">iib:getUserDefinedProperty("REST_URL")</code>
        </expression>
        <move>
            <input path="$MessageAssembly/JSON" var="JSON"/>
            <output path="$MessageAssembly1/JSON"/>
        </move>
        <expression>
            <output path="$MessageAssembly1/LocalEnvironment/Destination/HTTP/RequestLine/Method"/>
            <code lang="xpath">iib:getUserDefinedProperty("HTTP_METHOD")</code>
        </expression>
    </mappingDeclaration>
</mappingRoot>